// Jest Snapshot v1, https://goo.gl/fbAQLP

exports[`CategoryBox should match snapshot 1`] = `
<div>
  <div
    class="css-gmuwbf"
  >
    <div
      class="css-ypy2jw"
    >
      <div
        class="chakra-stack css-n21gh5"
      >
        <span
          class="chakra-text css-3gvfzl"
          data-testid="typography"
        >
          Select from these main categories
        </span>
        <div
          class="css-1ot69hf"
        >
          <div
            class="css-8atqhb"
          >
            <div
              class="css-164vtvb"
              data-testid="category-box"
            >
              <div
                class="chakra-stack css-1jxjhsf"
              >
                <div
                  class="css-19k02th"
                >
                  <span
                    style="box-sizing: border-box; display: block; overflow: hidden; background: none; opacity: 1; border: 0px; margin: 0px; padding: 0px; position: relative;"
                  >
                    <span
                      style="box-sizing: border-box; display: block; background: none; opacity: 1; border: 0px; margin: 0px; padding: 100% 0px 0px 0px;"
                    />
                    <img
                      alt="test"
                      data-nimg="responsive"
                      decoding="async"
                      draggable="false"
                      src="data:image/gif;base64,R0lGODlhAQABAIAAAAAAAP///yH5BAEAAAAALAAAAAABAAEAAAIBRAA7"
                      style="position: absolute; top: 0px; left: 0px; bottom: 0px; right: 0px; box-sizing: border-box; padding: 0px; margin: auto; display: block; width: 0px; height: 0px; min-width: 100%; max-width: 100%; min-height: 100%; max-height: 100%; object-fit: cover;"
                    />
                    <noscript />
                  </span>
                </div>
                <span
                  class="chakra-text css-1ai3emk"
                  data-testid="typography"
                >
                  test
                </span>
              </div>
            </div>
          </div>
        </div>
      </div>
    </div>
  </div>
</div>
`;
