// Jest Snapshot v1, https://goo.gl/fbAQLP

exports[`Skeleton should match snapshot 1`] = `
<div>
  <div
    class="chakra-skeleton css-1twknw3"
  />
</div>
`;
