// Jest Snapshot v1, https://goo.gl/fbAQLP

exports[`ButtonPrimary should match snapshot 1`] = `
<div>
  <button
    class="chakra-button css-1k5bbcq"
    data-testid="button-primary"
    type="button"
  />
</div>
`;
