// Jest Snapshot v1, https://goo.gl/fbAQLP

exports[`ListingInformation should match snapshot 1`] = `
<div>
  <div
    class="css-1jkzbrs"
  >
    <span
      class="chakra-text css-wfx7tx"
      data-testid="typography"
    >
      test-title
    </span>
    <span
      class="chakra-text css-1jv3994"
      data-testid="typography"
    >
      test-description
    </span>
    <div
      class="css-8xl60i"
    >
      <span
        class="chakra-text css-jp1ymq"
        data-testid="typography"
      >
        Added on: 
      </span>
    </div>
  </div>
</div>
`;
