// Jest Snapshot v1, https://goo.gl/fbAQLP

exports[`Typography should match snapshot 1`] = `
<div>
  <span
    class="chakra-text css-y4pm85"
    data-testid="typography"
  >
    Test-Text
  </span>
</div>
`;
