// Jest Snapshot v1, https://goo.gl/fbAQLP

exports[`ImageSlider should match snapshot 1`] = `
<div>
  <div
    class="css-17vrnyc"
  >
    <div
      class="slick-slider slick-initialized"
    >
      <div
        class="slick-list"
        style="height: 0px;"
      >
        <div
          class="slick-track"
          style="opacity: 1; transform: translate3d(0px, 0px, 0px);"
        >
          <div
            aria-hidden="false"
            class="slick-slide slick-active slick-current"
            data-index="0"
            style="outline: none; width: 0px;"
            tabindex="-1"
          >
            <div>
              <div
                class="css-kiasv6"
              >
                <span
                  style="box-sizing: border-box; display: block; overflow: hidden; background: none; opacity: 1; border: 0px; margin: 0px; padding: 0px; position: relative;"
                >
                  <span
                    style="box-sizing: border-box; display: block; background: none; opacity: 1; border: 0px; margin: 0px; padding: 100% 0px 0px 0px;"
                  />
                  <img
                    alt="image"
                    data-nimg="responsive"
                    decoding="async"
                    draggable="false"
                    src="data:image/gif;base64,R0lGODlhAQABAIAAAAAAAP///yH5BAEAAAAALAAAAAABAAEAAAIBRAA7"
                    style="width: 0px; display: block; position: absolute; top: 0px; left: 0px; bottom: 0px; right: 0px; box-sizing: border-box; padding: 0px; margin: auto; height: 0px; min-width: 100%; max-width: 100%; min-height: 100%; max-height: 100%; object-fit: contain;"
                    tabindex="-1"
                  />
                  <noscript />
                </span>
              </div>
            </div>
          </div>
        </div>
      </div>
    </div>
  </div>
</div>
`;
