// Jest Snapshot v1, https://goo.gl/fbAQLP

exports[`Category should match snapshot 1`] = `
<div>
  <div
    class="css-8atqhb"
  >
    <div
      class="css-1gihwm6"
      data-testid="category-box"
    >
      <div
        class="chakra-stack css-1jxjhsf"
      >
        <div
          class="css-1oa8n4a"
        >
          <span
            style="box-sizing: border-box; display: block; overflow: hidden; background: none; opacity: 1; border: 0px; margin: 0px; padding: 0px; position: relative;"
          >
            <span
              style="box-sizing: border-box; display: block; background: none; opacity: 1; border: 0px; margin: 0px; padding: 100% 0px 0px 0px;"
            />
            <img
              alt="test"
              data-nimg="responsive"
              decoding="async"
              draggable="false"
              src="data:image/gif;base64,R0lGODlhAQABAIAAAAAAAP///yH5BAEAAAAALAAAAAABAAEAAAIBRAA7"
              style="position: absolute; top: 0px; left: 0px; bottom: 0px; right: 0px; box-sizing: border-box; padding: 0px; margin: auto; display: block; width: 0px; height: 0px; min-width: 100%; max-width: 100%; min-height: 100%; max-height: 100%; object-fit: cover;"
            />
            <noscript />
          </span>
        </div>
        <span
          class="chakra-text css-muf1uf"
          data-testid="typography"
        >
          test
        </span>
      </div>
    </div>
  </div>
</div>
`;
